============================= test session starts =============================
platform win32 -- Python 3.13.2, pytest-8.3.5, pluggy-1.5.0
rootdir: C:\Users\B00147637\GitHub\TU860Y4S2__WebServices__Assignment1
plugins: anyio-4.9.0, asyncio-0.25.3
asyncio: mode=Mode.STRICT, asyncio_default_fixture_loop_scope=None
collected 7 items

tester.py .......                                                        [100%]

============================= 7 passed in 10.11s ==============================
